Microchip MPLAB XC8 Compiler V2.32

Linker command line:

-W-3 --edf=C:\Program Files\Microchip\xc8\v2.32\pic\dat\en_msgs.txt -cn \
  -h+dist/default/production\StateMachine16F-Test.X.production.sym \
  --cmf=dist/default/production\StateMachine16F-Test.X.production.cmf -z \
  -Q16F18857 -oC:\Users\kissa\AppData\Local\Temp\xcAsag4.4 \
  --defsym=__MPLAB_BUILD=1 \
  -Mdist/default/production/StateMachine16F-Test.X.production.map -E1 \
  -ver=XC8 Compiler --acfsm=1493 -ASTACK=020C0h-02FEFh -pstack=STACK \
  -ACODE=00h-07FFhx16 -ASTRCODE=00h-07FFFh -ASTRING=00h-0FFhx128 \
  -ACONST=00h-0FFhx128 -AENTRY=00h-0FFhx128 -ACOMMON=070h-07Fh \
  -ABANK0=020h-06Fh -ABANK1=0A0h-0EFh -ABANK2=0120h-016Fh \
  -ABANK3=01A0h-01EFh -ABANK4=0220h-026Fh -ABANK5=02A0h-02EFh \
  -ABANK6=0320h-036Fh -ABANK7=03A0h-03EFh -ABANK8=0420h-046Fh \
  -ABANK9=04A0h-04EFh -ABANK10=0520h-056Fh -ABANK11=05A0h-05EFh \
  -ABANK12=0620h-066Fh -ABANK13=06A0h-06EFh -ABANK14=0720h-076Fh \
  -ABANK15=07A0h-07EFh -ABANK16=0820h-086Fh -ABANK17=08A0h-08EFh \
  -ABANK18=0920h-096Fh -ABANK19=09A0h-09EFh -ABANK20=0A20h-0A6Fh \
  -ABANK21=0AA0h-0AEFh -ABANK22=0B20h-0B6Fh -ABANK23=0BA0h-0BEFh \
  -ABANK24=0C20h-0C6Fh -ABANK25=0CA0h-0CEFh -ABANK26=0D20h-0D6Fh \
  -ABANK27=0DA0h-0DEFh -ABANK28=0E20h-0E6Fh -ABANK29=0EA0h-0EEFh \
  -ABANK30=0F20h-0F6Fh -ABANK31=0FA0h-0FEFh -ABANK32=01020h-0106Fh \
  -ABANK33=010A0h-010EFh -ABANK34=01120h-0116Fh -ABANK35=011A0h-011EFh \
  -ABANK36=01220h-0126Fh -ABANK37=012A0h-012EFh -ABANK38=01320h-0136Fh \
  -ABANK39=013A0h-013EFh -ABANK40=01420h-0146Fh -ABANK41=014A0h-014EFh \
  -ABANK42=01520h-0156Fh -ABANK43=015A0h-015EFh -ABANK44=01620h-0166Fh \
  -ABANK45=016A0h-016EFh -ABANK46=01720h-0176Fh -ABANK47=017A0h-017EFh \
  -ABANK48=01820h-0186Fh -ABANK49=018A0h-018EFh -ABANK50=01920h-0196Fh \
  -ABIGRAM=02000h-02FEFh \
  -ARAM=020h-06Fh,0A0h-0EFh,0120h-016Fh,01A0h-01EFh,0220h-026Fh,02A0h-02EFh,0320h-036Fh,03A0h-03EFh,0420h-046Fh,04A0h-04EFh,0520h-056Fh,05A0h-05EFh,0620h-066Fh,06A0h-06EFh,0720h-076Fh,07A0h-07EFh,0820h-086Fh,08A0h-08EFh,0920h-096Fh,09A0h-09EFh,0A20h-0A6Fh,0AA0h-0AEFh,0B20h-0B6Fh,0BA0h-0BEFh,0C20h-0C6Fh,0CA0h-0CEFh,0D20h-0D6Fh,0DA0h-0DEFh,0E20h-0E6Fh,0EA0h-0EEFh,0F20h-0F6Fh,0FA0h-0FEFh,01020h-0106Fh,010A0h-010EFh,01120h-0116Fh,011A0h-011EFh,01220h-0126Fh,012A0h-012EFh,01320h-0136Fh,013A0h-013EFh,01420h-0146Fh,014A0h-014EFh,01520h-0156Fh,015A0h-015EFh,01620h-0166Fh,016A0h-016EFh,01720h-0176Fh,017A0h-017EFh,01820h-0186Fh,018A0h-018EFh,01920h-0196Fh \
  -AABS1=020h-07Fh,0A0h-0EFh,0120h-016Fh,01A0h-01EFh,0220h-026Fh,02A0h-02EFh,0320h-036Fh,03A0h-03EFh,0420h-046Fh,04A0h-04EFh,0520h-056Fh,05A0h-05EFh,0620h-066Fh,06A0h-06EFh,0720h-076Fh,07A0h-07EFh,0820h-086Fh,08A0h-08EFh,0920h-096Fh,09A0h-09EFh,0A20h-0A6Fh,0AA0h-0AEFh,0B20h-0B6Fh,0BA0h-0BEFh,0C20h-0C6Fh,0CA0h-0CEFh,0D20h-0D6Fh,0DA0h-0DEFh,0E20h-0E6Fh,0EA0h-0EEFh,0F20h-0F6Fh,0FA0h-0FEFh,01020h-0106Fh,010A0h-010EFh,01120h-0116Fh,011A0h-011EFh,01220h-0126Fh,012A0h-012EFh,01320h-0136Fh,013A0h-013EFh,01420h-0146Fh,014A0h-014EFh,01520h-0156Fh,015A0h-015EFh,01620h-0166Fh,016A0h-016EFh,01720h-0176Fh,017A0h-017EFh,01820h-0186Fh,018A0h-018EFh,01920h-0196Fh \
  -ASFR0=00h-01Fh -ASFR1=080h-09Fh -ASFR2=0100h-011Fh -ASFR3=0180h-019Fh \
  -ASFR4=0200h-021Fh -ASFR5=0280h-029Fh -ASFR6=0300h-031Fh \
  -ASFR7=0380h-039Fh -ASFR8=0400h-041Fh -ASFR9=0480h-049Fh \
  -ASFR10=0500h-051Fh -ASFR11=0580h-059Fh -ASFR12=0600h-061Fh \
  -ASFR13=0680h-069Fh -ASFR14=0700h-071Fh -ASFR15=0780h-079Fh \
  -ASFR16=0800h-081Fh -ASFR17=0880h-089Fh -ASFR18=0900h-091Fh \
  -ASFR19=0980h-099Fh -ASFR20=0A00h-0A1Fh -ASFR21=0A80h-0A9Fh \
  -ASFR22=0B00h-0B1Fh -ASFR23=0B80h-0B9Fh -ASFR24=0C00h-0C1Fh \
  -ASFR25=0C80h-0C9Fh -ASFR26=0D00h-0D1Fh -ASFR27=0D80h-0D9Fh \
  -ASFR28=0E00h-0E1Fh -ASFR29=0E80h-0E9Fh -ASFR30=0F00h-0F1Fh \
  -ASFR31=0F80h-0F9Fh -ASFR32=01000h-0101Fh -ASFR33=01080h-0109Fh \
  -ASFR34=01100h-0111Fh -ASFR35=01180h-0119Fh -ASFR36=01200h-0121Fh \
  -ASFR37=01280h-0129Fh -ASFR38=01300h-0131Fh -ASFR39=01380h-0139Fh \
  -ASFR40=01400h-0141Fh -ASFR41=01480h-0149Fh -ASFR42=01500h-0151Fh \
  -ASFR43=01580h-0159Fh -ASFR44=01600h-0161Fh -ASFR45=01680h-0169Fh \
  -ASFR46=01700h-0171Fh -ASFR47=01780h-0179Fh -ASFR48=01800h-0181Fh \
  -ASFR49=01880h-0189Fh -ASFR50=01900h-0191Fh -ASFR51=01980h-019EFh \
  -ASFR52=01A00h-01A6Fh -ASFR53=01A80h-01AEFh -ASFR54=01B00h-01B6Fh \
  -ASFR55=01B80h-01BEFh -ASFR56=01C00h-01C6Fh -ASFR57=01C80h-01CEFh \
  -ASFR58=01D00h-01D6Fh -ASFR59=01D80h-01DEFh -ASFR60=01E00h-01E6Fh \
  -ASFR61=01E80h-01EEFh -ASFR62=01F00h-01F6Fh -ASFR63=01F80h-01FEFh \
  -ACONFIG=08007h-0800Bh -DCONFIG=2 -AIDLOC=08000h-08003h -DIDLOC=2 \
  -AEEDATA=00h-0FFh/0F000h -peeprom_data=EEDATA -DEEDATA=2 -DCODE=2 \
  -DSTRCODE=2 -DSTRING=2 -DCONST=2 -DENTRY=2 \
  -preset_vec=00h,intentry=04h,init,end_init -ppowerup=CODE -pcinit=CODE \
  -pfunctab=ENTRY -k C:\Users\kissa\AppData\Local\Temp\xcAsag4.o \
  dist/default/production\StateMachine16F-Test.X.production.o 

Object code version is 3.11

Machine type is 16F18857



                Name                               Link     Load   Length Selector   Space Scale
C:\Users\kissa\AppData\Local\Temp\xcAsag4.o
                end_init                             43       43        2        8       0
                reset_vec                             0        0        2        0       0
                config                             8007     8007        5        0       4
dist/default/production\StateMachine16F-Test.X.production.o
                cinit                                45       45       2E        8       0
                intentry                              4        4       3F        8       0
                config                             8007     8007        5        0       4
                text55                              6F0      6F0       1A        8       0
                text54                              F85      F85        4     1F0A       0
                text53                              F71      F71        1     1EE2       0
                text52                              F89      F89        4     1F12       0
                text51                              4F5      4F5       3D        8       0
                text50                              679      679       24        8       0
                text49                              64F      64F       2A        8       0
                text48                              F72      F72        1     1EE4       0
                text47                              7A0      7A0        F        8       0
                text46                              625      625       2A        8       0
                text45                                2        2        1        0       0
                text44                              791      791        F        8       0
                text43                              771      771       11        8       0
                text42                              32E      32E       59        8       0
                text41                                3        3        1        6       0
                text40                              782      782        F        8       0
                text38                              70A      70A       19        8       0
                text37                              FAF      FAF        9     1F5E       0
                text36                              FB8      FB8        9     1F70       0
                text35                              FC1      FC1        9     1F82       0
                text34                              FCA      FCA        9     1F94       0
                text33                              FD3      FD3        9     1FA6       0
                text32                              426      426       47        8       0
                text31                              FDC      FDC        9     1FB8       0
                text30                              FE5      FE5        9     1FCA       0
                text29                              FEE      FEE        9     1FDC       0
                text28                              4B1      4B1       44        8       0
                text27                              FA7      FA7        8     1F4E       0
                text26                              FF7      FF7        9     1FEE       0
                text25                              723      723       15        8       0
                text24                              74C      74C       13        8       0
                text23                              F73      F73        3     1EE6       0
                text22                              F76      F76        3     1EEC       0
                text21                              F79      F79        3     1EF2       0
                text20                              F7C      F7C        3     1EF8       0
                text19                              F7F      F7F        3     1EFE       0
                text18                              F82      F82        3     1F04       0
                text17                              5CD      5CD       2D        8       0
                text16                              F99      F99        7     1F32       0
                text15                              3DD      3DD       49        8       0
                text14                              6D6      6D6       1A        8       0
                text13                              14B      14B       D7        8       0
                text12                              222      222       B1        8       0
                text11                              59C      59C       31        8       0
                text10                              75F      75F       12        8       0
                text9                               387      387       56        8       0
                text8                               2D3      2D3       5B        8       0
                text7                               6BC      6BC       1A        8       0
                text6                                73       73       D8        8       0
                text5                               738      738       14        8       0
                text4                               568      568       34        8       0
                text3                               532      532       36        8       0
                text2                               5FA      5FA       2B        8       0
                text1                               69D      69D       1F        8       0
                maintext                            46D      46D       44        8       0
                cstackBANK0                          20       20       48       20       1
                cstackCOMMON                         70       70        8       70       1
                clrtext                             F8D      F8D        6     1F1A       0
                inittext                            F93      F93        6     1F26       0
                bssBANK2                            120      120       20      120       1
                dataBANK1                            DF       DF        7       A0       1
                bssBANK1                             A0       A0       2E       A0       1
                bssBANK0                             68       68        8       20       1
                bssCOMMON                            78       78        6       70       1
                stringtext16                       102B     102B        2     2000       0
                stringtext15                       1027     1027        4     2000       0
                stringtext14                       1021     1021        6     2000       0
                stringtext13                       101B     101B        6     2000       0
                stringtext12                       1015     1015        6     2000       0
                stringtext11                       100E     100E        7     2000       0
                stringtext10                       1007     1007        7     2000       0
                stringtext9                        1000     1000        7     2000       0
                stringtext8                         7FF      7FF        9      F5E       0
                stringtext7                         7F5      7F5        A      F5E       0
                stringtext6                         7EB      7EB        A      F5E       0
                stringtext5                         7D5      7D5        C      F5E       0
                stringtext4                         7C9      7C9        C      F5E       0
                stringtext3                         7BD      7BD        C      F5E       0
                nvBANK1                              CE       CE       11       A0       1
                stringtext2                         7E1      7E1        A      F5E       0
                stringtext1                         7AF      7AF        E      F5E       0
                idataBANK1                          FA0      FA0        7     1F40       0

TOTAL           Name                               Link     Load   Length     Space
        CLASS   STACK          

        CLASS   CODE           
                end_init                             43       43        2         0
                cinit                                45       45       2E         0
                intentry                              4        4       3F         0
                reset_vec                             0        0        2         0
                text55                              6F0      6F0       1A         0
                text54                              F85      F85        4         0
                text53                              F71      F71        1         0
                text52                              F89      F89        4         0
                text51                              4F5      4F5       3D         0
                text50                              679      679       24         0
                text49                              64F      64F       2A         0
                text48                              F72      F72        1         0
                text47                              7A0      7A0        F         0
                text46                              625      625       2A         0
                text45                                2        2        1         0
                text44                              791      791        F         0
                text43                              771      771       11         0
                text42                              32E      32E       59         0
                text41                                3        3        1         0
                text40                              782      782        F         0
                text38                              70A      70A       19         0
                text37                              FAF      FAF        9         0
                text36                              FB8      FB8        9         0
                text35                              FC1      FC1        9         0
                text34                              FCA      FCA        9         0
                text33                              FD3      FD3        9         0
                text32                              426      426       47         0
                text31                              FDC      FDC        9         0
                text30                              FE5      FE5        9         0
                text29                              FEE      FEE        9         0
                text28                              4B1      4B1       44         0
                text27                              FA7      FA7        8         0
                text26                              FF7      FF7        9         0
                text25                              723      723       15         0
                text24                              74C      74C       13         0
                text23                              F73      F73        3         0
                text22                              F76      F76        3         0
                text21                              F79      F79        3         0
                text20                              F7C      F7C        3         0
                text19                              F7F      F7F        3         0
                text18                              F82      F82        3         0
                text17                              5CD      5CD       2D         0
                text16                              F99      F99        7         0
                text15                              3DD      3DD       49         0
                text14                              6D6      6D6       1A         0
                text13                              14B      14B       D7         0
                text12                              222      222       B1         0
                text11                              59C      59C       31         0
                text10                              75F      75F       12         0
                text9                               387      387       56         0
                text8                               2D3      2D3       5B         0
                text7                               6BC      6BC       1A         0
                text6                                73       73       D8         0
                text5                               738      738       14         0
                text4                               568      568       34         0
                text3                               532      532       36         0
                text2                               5FA      5FA       2B         0
                text1                               69D      69D       1F         0
                maintext                            46D      46D       44         0
                clrtext                             F8D      F8D        6         0
                inittext                            F93      F93        6         0
                idataBANK1                          FA0      FA0        7         0

        CLASS   STRCODE        
                stringtext16                       102B     102B        2         0
                stringtext15                       1027     1027        4         0
                stringtext14                       1021     1021        6         0
                stringtext13                       101B     101B        6         0
                stringtext12                       1015     1015        6         0
                stringtext11                       100E     100E        7         0
                stringtext10                       1007     1007        7         0
                stringtext9                        1000     1000        7         0
                stringtext8                         7FF      7FF        9         0
                stringtext7                         7F5      7F5        A         0
                stringtext6                         7EB      7EB        A         0
                stringtext5                         7D5      7D5        C         0
                stringtext4                         7C9      7C9        C         0
                stringtext3                         7BD      7BD        C         0
                stringtext2                         7E1      7E1        A         0
                stringtext1                         7AF      7AF        E         0

        CLASS   STRING         

        CLASS   CONST          

        CLASS   ENTRY          

        CLASS   COMMON         
                cstackCOMMON                         70       70        8         1
                bssCOMMON                            78       78        6         1

        CLASS   BANK0          
                cstackBANK0                          20       20       48         1
                bssBANK0                             68       68        8         1

        CLASS   BANK1          
                dataBANK1                            DF       DF        7         1
                bssBANK1                             A0       A0       2E         1
                nvBANK1                              CE       CE       11         1

        CLASS   BANK2          
                bssBANK2                            120      120       20         1

        CLASS   BANK3          

        CLASS   BANK4          

        CLASS   BANK5          

        CLASS   BANK6          

        CLASS   BANK7          

        CLASS   BANK8          

        CLASS   BANK9          

        CLASS   BANK10         

        CLASS   BANK11         

        CLASS   BANK12         

        CLASS   BANK13         

        CLASS   BANK14         

        CLASS   BANK15         

        CLASS   BANK16         

        CLASS   BANK17         

        CLASS   BANK18         

        CLASS   BANK19         

        CLASS   BANK20         

        CLASS   BANK21         

        CLASS   BANK22         

        CLASS   BANK23         

        CLASS   BANK24         

        CLASS   BANK25         

        CLASS   BANK26         

        CLASS   BANK27         

        CLASS   BANK28         

        CLASS   BANK29         

        CLASS   BANK30         

        CLASS   BANK31         

        CLASS   BANK32         

        CLASS   BANK33         

        CLASS   BANK34         

        CLASS   BANK35         

        CLASS   BANK36         

        CLASS   BANK37         

        CLASS   BANK38         

        CLASS   BANK39         

        CLASS   BANK40         

        CLASS   BANK41         

        CLASS   BANK42         

        CLASS   BANK43         

        CLASS   BANK44         

        CLASS   BANK45         

        CLASS   BANK46         

        CLASS   BANK47         

        CLASS   BANK48         

        CLASS   BANK49         

        CLASS   BANK50         

        CLASS   BIGRAM         

        CLASS   RAM            

        CLASS   ABS1           
                abs_s1                               7E       7E        2         1

        CLASS   SFR0           

        CLASS   SFR1           

        CLASS   SFR2           

        CLASS   SFR3           

        CLASS   SFR4           

        CLASS   SFR5           

        CLASS   SFR6           

        CLASS   SFR7           

        CLASS   SFR8           

        CLASS   SFR9           

        CLASS   SFR10          

        CLASS   SFR11          

        CLASS   SFR12          

        CLASS   SFR13          

        CLASS   SFR14          

        CLASS   SFR15          

        CLASS   SFR16          

        CLASS   SFR17          

        CLASS   SFR18          

        CLASS   SFR19          

        CLASS   SFR20          

        CLASS   SFR21          

        CLASS   SFR22          

        CLASS   SFR23          

        CLASS   SFR24          

        CLASS   SFR25          

        CLASS   SFR26          

        CLASS   SFR27          

        CLASS   SFR28          

        CLASS   SFR29          

        CLASS   SFR30          

        CLASS   SFR31          

        CLASS   SFR32          

        CLASS   SFR33          

        CLASS   SFR34          

        CLASS   SFR35          

        CLASS   SFR36          

        CLASS   SFR37          

        CLASS   SFR38          

        CLASS   SFR39          

        CLASS   SFR40          

        CLASS   SFR41          

        CLASS   SFR42          

        CLASS   SFR43          

        CLASS   SFR44          

        CLASS   SFR45          

        CLASS   SFR46          

        CLASS   SFR47          

        CLASS   SFR48          

        CLASS   SFR49          

        CLASS   SFR50          

        CLASS   SFR51          

        CLASS   SFR52          

        CLASS   SFR53          

        CLASS   SFR54          

        CLASS   SFR55          

        CLASS   SFR56          

        CLASS   SFR57          

        CLASS   SFR58          

        CLASS   SFR59          

        CLASS   SFR60          

        CLASS   SFR61          

        CLASS   SFR62          

        CLASS   SFR63          

        CLASS   CONFIG         
                config                             8007     8007        5         4

        CLASS   IDLOC          

        CLASS   EEDATA         

        CLASS   BANK63         

        CLASS   BANK62         

        CLASS   BANK61         

        CLASS   BANK60         

        CLASS   BANK59         

        CLASS   BANK58         

        CLASS   BANK57         

        CLASS   BANK56         

        CLASS   BANK55         

        CLASS   BANK54         

        CLASS   BANK53         

        CLASS   BANK52         

        CLASS   BANK51         



SEGMENTS        Name                           Load    Length   Top    Selector   Space  Class     Delta

                reset_vec                      000000  000003  000003         0       0  CODE        2
                text41                         000003  000001  000004         6       0  CODE        2
                intentry                       000004  0007AB  0007AF         8       0  CODE        2
                cstackBANK0                    000020  000050  000070        20       1  BANK0       1
                cstackCOMMON                   000070  00000E  00007E        70       1  COMMON      1
                bssBANK1                       0000A0  000046  0000E6        A0       1  BANK1       1
                bssBANK2                       000120  000020  000140       120       1  BANK2       1
                stringtext1                    0007AF  000059  000808       F5E       0  STRCODE     2
                text53                         000F71  000001  000F72      1EE2       0  CODE        2
                text48                         000F72  000001  000F73      1EE4       0  CODE        2
                text23                         000F73  000003  000F76      1EE6       0  CODE        2
                text22                         000F76  000003  000F79      1EEC       0  CODE        2
                text21                         000F79  000003  000F7C      1EF2       0  CODE        2
                text20                         000F7C  000003  000F7F      1EF8       0  CODE        2
                text19                         000F7F  000003  000F82      1EFE       0  CODE        2
                text18                         000F82  000003  000F85      1F04       0  CODE        2
                text54                         000F85  000004  000F89      1F0A       0  CODE        2
                text52                         000F89  000004  000F8D      1F12       0  CODE        2
                clrtext                        000F8D  000006  000F93      1F1A       0  CODE        2
                inittext                       000F93  000006  000F99      1F26       0  CODE        2
                text16                         000F99  000007  000FA0      1F32       0  CODE        2
                idataBANK1                     000FA0  000007  000FA7      1F40       0  CODE        2
                text27                         000FA7  000008  000FAF      1F4E       0  CODE        2
                text37                         000FAF  000009  000FB8      1F5E       0  CODE        2
                text36                         000FB8  000009  000FC1      1F70       0  CODE        2
                text35                         000FC1  000009  000FCA      1F82       0  CODE        2
                text34                         000FCA  000009  000FD3      1F94       0  CODE        2
                text33                         000FD3  000009  000FDC      1FA6       0  CODE        2
                text31                         000FDC  000009  000FE5      1FB8       0  CODE        2
                text30                         000FE5  000009  000FEE      1FCA       0  CODE        2
                text29                         000FEE  000009  000FF7      1FDC       0  CODE        2
                text26                         000FF7  000009  001000      1FEE       0  CODE        2
                stringtext9                    001000  00002D  00102D      2000       0  STRCODE     2


UNUSED ADDRESS RANGES

        Name                Unused          Largest block    Delta
        BANK1            000E6-000EF               A           1
        BANK10           00520-0056F              50           1
        BANK11           005A0-005EF              50           1
        BANK12           00620-0066F              50           1
        BANK13           006A0-006EF              50           1
        BANK14           00720-0076F              50           1
        BANK15           007A0-007EF              50           1
        BANK16           00820-0086F              50           1
        BANK17           008A0-008EF              50           1
        BANK18           00920-0096F              50           1
        BANK19           009A0-009EF              50           1
        BANK2            00140-0016F              30           1
        BANK20           00A20-00A6F              50           1
        BANK21           00AA0-00AEF              50           1
        BANK22           00B20-00B6F              50           1
        BANK23           00BA0-00BEF              50           1
        BANK24           00C20-00C6F              50           1
        BANK25           00CA0-00CEF              50           1
        BANK26           00D20-00D6F              50           1
        BANK27           00DA0-00DEF              50           1
        BANK28           00E20-00E6F              50           1
        BANK29           00EA0-00EEF              50           1
        BANK3            001A0-001EF              50           1
        BANK30           00F20-00F6F              50           1
        BANK31           00FA0-00FEF              50           1
        BANK32           01020-0106F              50           1
        BANK33           010A0-010EF              50           1
        BANK34           01120-0116F              50           1
        BANK35           011A0-011EF              50           1
        BANK36           01220-0126F              50           1
        BANK37           012A0-012EF              50           1
        BANK38           01320-0136F              50           1
        BANK39           013A0-013EF              50           1
        BANK4            00220-0026F              50           1
        BANK40           01420-0146F              50           1
        BANK41           014A0-014EF              50           1
        BANK42           01520-0156F              50           1
        BANK43           015A0-015EF              50           1
        BANK44           01620-0166F              50           1
        BANK45           016A0-016EF              50           1
        BANK46           01720-0176F              50           1
        BANK47           017A0-017EF              50           1
        BANK48           01820-0186F              50           1
        BANK49           018A0-018EF              50           1
        BANK5            002A0-002EF              50           1
        BANK50           01920-0196F              50           1
        BANK6            00320-0036F              50           1
        BANK7            003A0-003EF              50           1
        BANK8            00420-0046F              50           1
        BANK9            004A0-004EF              50           1
        BIGRAM           02000-02FEF             FF0           1
        CODE             00808-00F70             769           2
                         0102D-07FFF             800
        CONST            00808-00F70             100           2
                         0102D-07FFF             100
        EEDATA           0F000-0F0FF             100           2
        ENTRY            00808-00F70             100           2
                         0102D-07FFF             100
        IDLOC            08000-08003               4           2
        RAM              000E6-000EF               A           1
                         00140-0016F              30
                         001A0-001EF              50
                         00220-0026F              50
                         002A0-002EF              50
                         00320-0036F              50
                         003A0-003EF              50
                         00420-0046F              50
                         004A0-004EF              50
                         00520-0056F              50
                         005A0-005EF              50
                         00620-0066F              50
                         006A0-006EF              50
                         00720-0076F              50
                         007A0-007EF              50
                         00820-0086F              50
                         008A0-008EF              50
                         00920-0096F              50
                         009A0-009EF              50
                         00A20-00A6F              50
                         00AA0-00AEF              50
                         00B20-00B6F              50
                         00BA0-00BEF              50
                         00C20-00C6F              50
                         00CA0-00CEF              50
                         00D20-00D6F              50
                         00DA0-00DEF              50
                         00E20-00E6F              50
                         00EA0-00EEF              50
                         00F20-00F6F              50
                         00FA0-00FEF              50
                         01020-0106F              50
                         010A0-010EF              50
                         01120-0116F              50
                         011A0-011EF              50
                         01220-0126F              50
                         012A0-012EF              50
                         01320-0136F              50
                         013A0-013EF              50
                         01420-0146F              50
                         014A0-014EF              50
                         01520-0156F              50
                         015A0-015EF              50
                         01620-0166F              50
                         016A0-016EF              50
                         01720-0176F              50
                         017A0-017EF              50
                         01820-0186F              50
                         018A0-018EF              50
                         01920-0196F              50
        SFR0             00000-0001F              20           1
        SFR1             00080-0009F              20           1
        SFR10            00500-0051F              20           1
        SFR11            00580-0059F              20           1
        SFR12            00600-0061F              20           1
        SFR13            00680-0069F              20           1
        SFR14            00700-0071F              20           1
        SFR15            00780-0079F              20           1
        SFR16            00800-0081F              20           1
        SFR17            00880-0089F              20           1
        SFR18            00900-0091F              20           1
        SFR19            00980-0099F              20           1
        SFR2             00100-0011F              20           1
        SFR20            00A00-00A1F              20           1
        SFR21            00A80-00A9F              20           1
        SFR22            00B00-00B1F              20           1
        SFR23            00B80-00B9F              20           1
        SFR24            00C00-00C1F              20           1
        SFR25            00C80-00C9F              20           1
        SFR26            00D00-00D1F              20           1
        SFR27            00D80-00D9F              20           1
        SFR28            00E00-00E1F              20           1
        SFR29            00E80-00E9F              20           1
        SFR3             00180-0019F              20           1
        SFR30            00F00-00F1F              20           1
        SFR31            00F80-00F9F              20           1
        SFR32            01000-0101F              20           1
        SFR33            01080-0109F              20           1
        SFR34            01100-0111F              20           1
        SFR35            01180-0119F              20           1
        SFR36            01200-0121F              20           1
        SFR37            01280-0129F              20           1
        SFR38            01300-0131F              20           1
        SFR39            01380-0139F              20           1
        SFR4             00200-0021F              20           1
        SFR40            01400-0141F              20           1
        SFR41            01480-0149F              20           1
        SFR42            01500-0151F              20           1
        SFR43            01580-0159F              20           1
        SFR44            01600-0161F              20           1
        SFR45            01680-0169F              20           1
        SFR46            01700-0171F              20           1
        SFR47            01780-0179F              20           1
        SFR48            01800-0181F              20           1
        SFR49            01880-0189F              20           1
        SFR5             00280-0029F              20           1
        SFR50            01900-0191F              20           1
        SFR51            01980-019EF              70           1
        SFR52            01A00-01A6F              70           1
        SFR53            01A80-01AEF              70           1
        SFR54            01B00-01B6F              70           1
        SFR55            01B80-01BEF              70           1
        SFR56            01C00-01C6F              70           1
        SFR57            01C80-01CEF              70           1
        SFR58            01D00-01D6F              70           1
        SFR59            01D80-01DEF              70           1
        SFR6             00300-0031F              20           1
        SFR60            01E00-01E6F              70           1
        SFR61            01E80-01EEF              70           1
        SFR62            01F00-01F6F              70           1
        SFR63            01F80-01FEF              70           1
        SFR7             00380-0039F              20           1
        SFR8             00400-0041F              20           1
        SFR9             00480-0049F              20           1
        STACK            020C0-02FEF             F30           1
        STRCODE          00808-00F70             769           2
                         0102D-07FFF            6FD3
        STRING           00808-00F70             100           2
                         0102D-07FFF             100

                                  Symbol Table

?_ADCC_GetSingleConversion                     cstackBANK0  00020
?___lldiv                                      cstackBANK0  00020
?___lmul                                       cstackBANK0  00023
?_fputc                                        cstackBANK0  00023
?_fputs                                        cstackBANK0  0002B
?_printf                                       cstackBANK0  00054
?_stoa                                         cstackBANK0  0002B
?_strlen                                       cstackBANK0  00020
?_vfpfcnvrt                                    cstackBANK0  00042
?_vfprintf                                     cstackBANK0  0004C
ADCC_GetSingleConversion@channel               cstackBANK0  00022
EUSART_SetErrorHandler@interruptHandler        cstackBANK0  00020
EUSART_SetFramingErrorHandler@interruptHandler cstackBANK0  00020
EUSART_SetOverrunErrorHandler@interruptHandler cstackBANK0  00020
EUSART_SetRxInterruptHandler@interruptHandler  cstackBANK0  00020
EUSART_SetTxInterruptHandler@interruptHandler  cstackBANK0  00020
EUSART_Write@txData                            cstackBANK0  00021
IOCAF6_SetInterruptHandler@InterruptHandler    cstackBANK0  00020
IOCAF7_SetInterruptHandler@InterruptHandler    cstackBANK0  00020
S1EventCallback@t                              bssBANK1     000BC
S2EventCallback@t                              bssBANK1     000B8
StateMachine_SM@event                          cstackBANK0  00065
TMR0_SetInterruptHandler@InterruptHandler      cstackBANK0  00020
_ADACCH                                        (abs)        00091
_ADACCL                                        (abs)        00090
_ADACQ                                         (abs)        0009D
_ADACT                                         (abs)        00099
_ADCAP                                         (abs)        0009B
_ADCC_GetSingleConversion                      text5        00738
_ADCC_Initialize                               text38       0070A
_ADCLK                                         (abs)        00098
_ADCNT                                         (abs)        0010C
_ADCON0                                        (abs)        00093
_ADCON0bits                                    (abs)        00093
_ADCON1                                        (abs)        00094
_ADCON1bits                                    (abs)        00094
_ADCON2                                        (abs)        00095
_ADCON2bits                                    (abs)        00095
_ADCON3                                        (abs)        00096
_ADCON3bits                                    (abs)        00096
_ADERRH                                        (abs)        00117
_ADERRL                                        (abs)        00116
_ADFLTRH                                       (abs)        00115
_ADFLTRL                                       (abs)        00114
_ADLTHH                                        (abs)        0010F
_ADLTHL                                        (abs)        0010E
_ADPCH                                         (abs)        0009E
_ADPRE                                         (abs)        0009C
_ADPREVH                                       (abs)        0008F
_ADPREVL                                       (abs)        0008E
_ADREF                                         (abs)        0009A
_ADRESH                                        (abs)        0008D
_ADRESL                                        (abs)        0008C
_ADRPT                                         (abs)        0010D
_ADSTAT                                        (abs)        00097
_ADSTATbits                                    (abs)        00097
_ADSTPTH                                       (abs)        00113
_ADSTPTL                                       (abs)        00112
_ADUTHH                                        (abs)        00111
_ADUTHL                                        (abs)        00110
_ANSELA                                        (abs)        01F38
_ANSELB                                        (abs)        01F43
_ANSELC                                        (abs)        01F4E
_BAUD1CON                                      (abs)        0011F
_EUSART_DefaultErrorHandler                    text54       00F85
_EUSART_DefaultFramingErrorHandler             text53       00F71
_EUSART_DefaultOverrunErrorHandler             text52       00F89
_EUSART_ErrorHandler                           nvBANK1      000CE
_EUSART_FramingErrorHandler                    nvBANK1      000D2
_EUSART_Initialize                             text32       00426
_EUSART_OverrunErrorHandler                    nvBANK1      000D0
_EUSART_Receive_ISR                            text51       004F5
_EUSART_RxDataHandler                          text55       006F0
_EUSART_RxDefaultInterruptHandler              nvBANK1      000DA
_EUSART_SetErrorHandler                        text37       00FAF
_EUSART_SetFramingErrorHandler                 text36       00FB8
_EUSART_SetOverrunErrorHandler                 text35       00FC1
_EUSART_SetRxInterruptHandler                  text34       00FCA
_EUSART_SetTxInterruptHandler                  text33       00FD3
_EUSART_Transmit_ISR                           text50       00679
_EUSART_TxDefaultInterruptHandler              nvBANK1      000DC
_EUSART_Write                                  text17       005CD
_Event                                         bssBANK1     000CC
_INLVLA                                        (abs)        01F3C
_INLVLB                                        (abs)        01F47
_INLVLC                                        (abs)        01F52
_INLVLE                                        (abs)        01F68
_INTCONbits                                    (abs)        0000B
_INTERRUPT_InterruptManager                    intentry     00004
_IOCAF6_DefaultInterruptHandler                text48       00F72
_IOCAF6_ISR                                    text47       007A0
_IOCAF6_InterruptHandler                       nvBANK1      000D8
_IOCAF6_SetInterruptHandler                    text30       00FE5
_IOCAF7_DefaultInterruptHandler                text45       00002
_IOCAF7_ISR                                    text44       00791
_IOCAF7_InterruptHandler                       nvBANK1      000D6
_IOCAF7_SetInterruptHandler                    text29       00FEE
_IOCAFbits                                     (abs)        01F3F
_IOCANbits                                     (abs)        01F3E
_IOCAPbits                                     (abs)        01F3D
_LATA                                          (abs)        00016
_LATB                                          (abs)        00017
_LATC                                          (abs)        00018
_LATCbits                                      (abs)        00018
_LED1_Off                                      text23       00F73
_LED1_On                                       text22       00F76
_LED2_Off                                      text21       00F79
_LED2_On                                       text20       00F7C
_LED3_Off                                      text19       00F7F
_LED3_On                                       text18       00F82
_ODCONA                                        (abs)        01F3A
_ODCONB                                        (abs)        01F45
_ODCONC                                        (abs)        01F50
_OSCCON1                                       (abs)        0088D
_OSCCON3                                       (abs)        0088F
_OSCEN                                         (abs)        00891
_OSCFRQ                                        (abs)        00893
_OSCILLATOR_Initialize                         text31       00FDC
_OSCTUNE                                       (abs)        00892
_PIE0bits                                      (abs)        00716
_PIE3bits                                      (abs)        00719
_PIN_MANAGER_IOC                               text43       00771
_PIN_MANAGER_Initialize                        text28       004B1
_PIR0bits                                      (abs)        0070C
_PIR3bits                                      (abs)        0070F
_PMD0                                          (abs)        00796
_PMD1                                          (abs)        00797
_PMD2                                          (abs)        00798
_PMD3                                          (abs)        00799
_PMD4                                          (abs)        0079A
_PMD5                                          (abs)        0079B
_PMD_Initialize                                text27       00FA7
_RC0PPS                                        (abs)        01F20
_RC1REG                                        (abs)        00119
_RC1STA                                        (abs)        0011D
_RC1STAbits                                    (abs)        0011D
_RXPPS                                         (abs)        01ECB
_S1EventCallback                               text46       00625
_S2EventCallback                               text49       0064F
_SLRCONA                                       (abs)        01F3B
_SLRCONB                                       (abs)        01F46
_SLRCONC                                       (abs)        01F51
_SP1BRGH                                       (abs)        0011C
_SP1BRGL                                       (abs)        0011B
_SYSTEM_Initialize                             text24       0074C
_StateMachine_SM                               text6        00073
_T0CON0                                        (abs)        0001E
_T0CON0bits                                    (abs)        0001E
_T0CON1                                        (abs)        0001F
_TMR0H                                         (abs)        0001D
_TMR0L                                         (abs)        0001C
_TMR0_DefaultInterruptHandler                  text41       00003
_TMR0_ISR                                      text40       00782
_TMR0_Initialize                               text25       00723
_TMR0_InterruptHandler                         nvBANK1      000D4
_TMR0_SetInterruptHandler                      text26       00FF7
_TRISA                                         (abs)        00011
_TRISB                                         (abs)        00012
_TRISC                                         (abs)        00013
_TX1REG                                        (abs)        0011A
_TX1STA                                        (abs)        0011E
_TX1STAbits                                    (abs)        0011E
_Timer                                         bssCOMMON    00078
_UserVariable                                  bssBANK0     0006C
_WPUA                                          (abs)        01F39
_WPUB                                          (abs)        01F44
_WPUC                                          (abs)        01F4F
_WPUE                                          (abs)        01F65
__Habs1                                        abs1         00000
__Hbank0                                       bank0        00000
__Hbank1                                       bank1        00000
__Hbank10                                      bank10       00000
__Hbank11                                      bank11       00000
__Hbank12                                      bank12       00000
__Hbank13                                      bank13       00000
__Hbank14                                      bank14       00000
__Hbank15                                      bank15       00000
__Hbank16                                      bank16       00000
__Hbank17                                      bank17       00000
__Hbank18                                      bank18       00000
__Hbank19                                      bank19       00000
__Hbank2                                       bank2        00000
__Hbank20                                      bank20       00000
__Hbank21                                      bank21       00000
__Hbank22                                      bank22       00000
__Hbank23                                      bank23       00000
__Hbank24                                      bank24       00000
__Hbank25                                      bank25       00000
__Hbank26                                      bank26       00000
__Hbank27                                      bank27       00000
__Hbank28                                      bank28       00000
__Hbank29                                      bank29       00000
__Hbank3                                       bank3        00000
__Hbank30                                      bank30       00000
__Hbank31                                      bank31       00000
__Hbank32                                      bank32       00000
__Hbank33                                      bank33       00000
__Hbank34                                      bank34       00000
__Hbank35                                      bank35       00000
__Hbank36                                      bank36       00000
__Hbank37                                      bank37       00000
__Hbank38                                      bank38       00000
__Hbank39                                      bank39       00000
__Hbank4                                       bank4        00000
__Hbank40                                      bank40       00000
__Hbank41                                      bank41       00000
__Hbank42                                      bank42       00000
__Hbank43                                      bank43       00000
__Hbank44                                      bank44       00000
__Hbank45                                      bank45       00000
__Hbank46                                      bank46       00000
__Hbank47                                      bank47       00000
__Hbank48                                      bank48       00000
__Hbank49                                      bank49       00000
__Hbank5                                       bank5        00000
__Hbank50                                      bank50       00000
__Hbank51                                      bank51       00000
__Hbank52                                      bank52       00000
__Hbank53                                      bank53       00000
__Hbank54                                      bank54       00000
__Hbank55                                      bank55       00000
__Hbank56                                      bank56       00000
__Hbank57                                      bank57       00000
__Hbank58                                      bank58       00000
__Hbank59                                      bank59       00000
__Hbank6                                       bank6        00000
__Hbank60                                      bank60       00000
__Hbank61                                      bank61       00000
__Hbank62                                      bank62       00000
__Hbank63                                      bank63       00000
__Hbank7                                       bank7        00000
__Hbank8                                       bank8        00000
__Hbank9                                       bank9        00000
__Hbigram                                      bigram       00000
__HbssBANK0                                    bssBANK0     00000
__HbssBANK1                                    bssBANK1     00000
__HbssBANK2                                    bssBANK2     00000
__HbssCOMMON                                   bssCOMMON    00000
__Hcinit                                       cinit        00073
__Hclrtext                                     clrtext      00000
__Hcode                                        code         00000
__Hcommon                                      common       00000
__Hconfig                                      config       0800C
__HcstackBANK0                                 cstackBANK0  00000
__HcstackCOMMON                                cstackCOMMON 00000
__HdataBANK1                                   dataBANK1    00000
__Heeprom_data                                 eeprom_data  00000
__Hend_init                                    end_init     00045
__Hfunctab                                     functab      00000
__HidataBANK1                                  idataBANK1   00000
__Hinit                                        init         00043
__Hinittext                                    inittext     00000
__Hintentry                                    intentry     00043
__Hmaintext                                    maintext     00000
__HnvBANK1                                     nvBANK1      00000
__Hpowerup                                     powerup      00000
__Hram                                         ram          00000
__Hreset_vec                                   reset_vec    00002
__Hsfr0                                        sfr0         00000
__Hsfr1                                        sfr1         00000
__Hsfr10                                       sfr10        00000
__Hsfr11                                       sfr11        00000
__Hsfr12                                       sfr12        00000
__Hsfr13                                       sfr13        00000
__Hsfr14                                       sfr14        00000
__Hsfr15                                       sfr15        00000
__Hsfr16                                       sfr16        00000
__Hsfr17                                       sfr17        00000
__Hsfr18                                       sfr18        00000
__Hsfr19                                       sfr19        00000
__Hsfr2                                        sfr2         00000
__Hsfr20                                       sfr20        00000
__Hsfr21                                       sfr21        00000
__Hsfr22                                       sfr22        00000
__Hsfr23                                       sfr23        00000
__Hsfr24                                       sfr24        00000
__Hsfr25                                       sfr25        00000
__Hsfr26                                       sfr26        00000
__Hsfr27                                       sfr27        00000
__Hsfr28                                       sfr28        00000
__Hsfr29                                       sfr29        00000
__Hsfr3                                        sfr3         00000
__Hsfr30                                       sfr30        00000
__Hsfr31                                       sfr31        00000
__Hsfr32                                       sfr32        00000
__Hsfr33                                       sfr33        00000
__Hsfr34                                       sfr34        00000
__Hsfr35                                       sfr35        00000
__Hsfr36                                       sfr36        00000
__Hsfr37                                       sfr37        00000
__Hsfr38                                       sfr38        00000
__Hsfr39                                       sfr39        00000
__Hsfr4                                        sfr4         00000
__Hsfr40                                       sfr40        00000
__Hsfr41                                       sfr41        00000
__Hsfr42                                       sfr42        00000
__Hsfr43                                       sfr43        00000
__Hsfr44                                       sfr44        00000
__Hsfr45                                       sfr45        00000
__Hsfr46                                       sfr46        00000
__Hsfr47                                       sfr47        00000
__Hsfr48                                       sfr48        00000
__Hsfr49                                       sfr49        00000
__Hsfr5                                        sfr5         00000
__Hsfr50                                       sfr50        00000
__Hsfr51                                       sfr51        00000
__Hsfr52                                       sfr52        00000
__Hsfr53                                       sfr53        00000
__Hsfr54                                       sfr54        00000
__Hsfr55                                       sfr55        00000
__Hsfr56                                       sfr56        00000
__Hsfr57                                       sfr57        00000
__Hsfr58                                       sfr58        00000
__Hsfr59                                       sfr59        00000
__Hsfr6                                        sfr6         00000
__Hsfr60                                       sfr60        00000
__Hsfr61                                       sfr61        00000
__Hsfr62                                       sfr62        00000
__Hsfr63                                       sfr63        00000
__Hsfr7                                        sfr7         00000
__Hsfr8                                        sfr8         00000
__Hsfr9                                        sfr9         00000
__Hspace_0                                     (abs)        0102D
__Hspace_1                                     (abs)        00140
__Hspace_2                                     (abs)        00000
__Hspace_3                                     (abs)        00000
__Hspace_4                                     (abs)        10013
__Hstack                                       stack        00000
__Hstrings                                     strings      00000
__Hstringtext1                                 stringtext1  00000
__Hstringtext10                                stringtext10 00000
__Hstringtext11                                stringtext11 00000
__Hstringtext12                                stringtext12 00000
__Hstringtext13                                stringtext13 00000
__Hstringtext14                                stringtext14 00000
__Hstringtext15                                stringtext15 00000
__Hstringtext16                                stringtext16 00000
__Hstringtext17                                stringtext17 00000
__Hstringtext2                                 stringtext2  00000
__Hstringtext3                                 stringtext3  00000
__Hstringtext4                                 stringtext4  00000
__Hstringtext5                                 stringtext5  00000
__Hstringtext6                                 stringtext6  00000
__Hstringtext7                                 stringtext7  00000
__Hstringtext8                                 stringtext8  00000
__Hstringtext9                                 stringtext9  00000
__Htext                                        text         00000
__Labs1                                        abs1         00000
__Lbank0                                       bank0        00000
__Lbank1                                       bank1        00000
__Lbank10                                      bank10       00000
__Lbank11                                      bank11       00000
__Lbank12                                      bank12       00000
__Lbank13                                      bank13       00000
__Lbank14                                      bank14       00000
__Lbank15                                      bank15       00000
__Lbank16                                      bank16       00000
__Lbank17                                      bank17       00000
__Lbank18                                      bank18       00000
__Lbank19                                      bank19       00000
__Lbank2                                       bank2        00000
__Lbank20                                      bank20       00000
__Lbank21                                      bank21       00000
__Lbank22                                      bank22       00000
__Lbank23                                      bank23       00000
__Lbank24                                      bank24       00000
__Lbank25                                      bank25       00000
__Lbank26                                      bank26       00000
__Lbank27                                      bank27       00000
__Lbank28                                      bank28       00000
__Lbank29                                      bank29       00000
__Lbank3                                       bank3        00000
__Lbank30                                      bank30       00000
__Lbank31                                      bank31       00000
__Lbank32                                      bank32       00000
__Lbank33                                      bank33       00000
__Lbank34                                      bank34       00000
__Lbank35                                      bank35       00000
__Lbank36                                      bank36       00000
__Lbank37                                      bank37       00000
__Lbank38                                      bank38       00000
__Lbank39                                      bank39       00000
__Lbank4                                       bank4        00000
__Lbank40                                      bank40       00000
__Lbank41                                      bank41       00000
__Lbank42                                      bank42       00000
__Lbank43                                      bank43       00000
__Lbank44                                      bank44       00000
__Lbank45                                      bank45       00000
__Lbank46                                      bank46       00000
__Lbank47                                      bank47       00000
__Lbank48                                      bank48       00000
__Lbank49                                      bank49       00000
__Lbank5                                       bank5        00000
__Lbank50                                      bank50       00000
__Lbank51                                      bank51       00000
__Lbank52                                      bank52       00000
__Lbank53                                      bank53       00000
__Lbank54                                      bank54       00000
__Lbank55                                      bank55       00000
__Lbank56                                      bank56       00000
__Lbank57                                      bank57       00000
__Lbank58                                      bank58       00000
__Lbank59                                      bank59       00000
__Lbank6                                       bank6        00000
__Lbank60                                      bank60       00000
__Lbank61                                      bank61       00000
__Lbank62                                      bank62       00000
__Lbank63                                      bank63       00000
__Lbank7                                       bank7        00000
__Lbank8                                       bank8        00000
__Lbank9                                       bank9        00000
__Lbigram                                      bigram       00000
__LbssBANK0                                    bssBANK0     00000
__LbssBANK1                                    bssBANK1     00000
__LbssBANK2                                    bssBANK2     00000
__LbssCOMMON                                   bssCOMMON    00000
__Lcinit                                       cinit        00045
__Lclrtext                                     clrtext      00000
__Lcode                                        code         00000
__Lcommon                                      common       00000
__Lconfig                                      config       00000
__LcstackBANK0                                 cstackBANK0  00000
__LcstackCOMMON                                cstackCOMMON 00000
__LdataBANK1                                   dataBANK1    00000
__Leeprom_data                                 eeprom_data  00000
__Lend_init                                    end_init     00043
__Lfunctab                                     functab      00000
__LidataBANK1                                  idataBANK1   00000
__Linit                                        init         00043
__Linittext                                    inittext     00000
__Lintentry                                    intentry     00004
__Lmaintext                                    maintext     00000
__LnvBANK1                                     nvBANK1      00000
__Lpowerup                                     powerup      00000
__Lram                                         ram          00000
__Lreset_vec                                   reset_vec    00000
__Lsfr0                                        sfr0         00000
__Lsfr1                                        sfr1         00000
__Lsfr10                                       sfr10        00000
__Lsfr11                                       sfr11        00000
__Lsfr12                                       sfr12        00000
__Lsfr13                                       sfr13        00000
__Lsfr14                                       sfr14        00000
__Lsfr15                                       sfr15        00000
__Lsfr16                                       sfr16        00000
__Lsfr17                                       sfr17        00000
__Lsfr18                                       sfr18        00000
__Lsfr19                                       sfr19        00000
__Lsfr2                                        sfr2         00000
__Lsfr20                                       sfr20        00000
__Lsfr21                                       sfr21        00000
__Lsfr22                                       sfr22        00000
__Lsfr23                                       sfr23        00000
__Lsfr24                                       sfr24        00000
__Lsfr25                                       sfr25        00000
__Lsfr26                                       sfr26        00000
__Lsfr27                                       sfr27        00000
__Lsfr28                                       sfr28        00000
__Lsfr29                                       sfr29        00000
__Lsfr3                                        sfr3         00000
__Lsfr30                                       sfr30        00000
__Lsfr31                                       sfr31        00000
__Lsfr32                                       sfr32        00000
__Lsfr33                                       sfr33        00000
__Lsfr34                                       sfr34        00000
__Lsfr35                                       sfr35        00000
__Lsfr36                                       sfr36        00000
__Lsfr37                                       sfr37        00000
__Lsfr38                                       sfr38        00000
__Lsfr39                                       sfr39        00000
__Lsfr4                                        sfr4         00000
__Lsfr40                                       sfr40        00000
__Lsfr41                                       sfr41        00000
__Lsfr42                                       sfr42        00000
__Lsfr43                                       sfr43        00000
__Lsfr44                                       sfr44        00000
__Lsfr45                                       sfr45        00000
__Lsfr46                                       sfr46        00000
__Lsfr47                                       sfr47        00000
__Lsfr48                                       sfr48        00000
__Lsfr49                                       sfr49        00000
__Lsfr5                                        sfr5         00000
__Lsfr50                                       sfr50        00000
__Lsfr51                                       sfr51        00000
__Lsfr52                                       sfr52        00000
__Lsfr53                                       sfr53        00000
__Lsfr54                                       sfr54        00000
__Lsfr55                                       sfr55        00000
__Lsfr56                                       sfr56        00000
__Lsfr57                                       sfr57        00000
__Lsfr58                                       sfr58        00000
__Lsfr59                                       sfr59        00000
__Lsfr6                                        sfr6         00000
__Lsfr60                                       sfr60        00000
__Lsfr61                                       sfr61        00000
__Lsfr62                                       sfr62        00000
__Lsfr63                                       sfr63        00000
__Lsfr7                                        sfr7         00000
__Lsfr8                                        sfr8         00000
__Lsfr9                                        sfr9         00000
__Lspace_0                                     (abs)        00000
__Lspace_1                                     (abs)        00000
__Lspace_2                                     (abs)        00000
__Lspace_3                                     (abs)        00000
__Lspace_4                                     (abs)        00000
__Lstack                                       stack        00000
__Lstrings                                     strings      00000
__Lstringtext1                                 stringtext1  00000
__Lstringtext10                                stringtext10 00000
__Lstringtext11                                stringtext11 00000
__Lstringtext12                                stringtext12 00000
__Lstringtext13                                stringtext13 00000
__Lstringtext14                                stringtext14 00000
__Lstringtext15                                stringtext15 00000
__Lstringtext16                                stringtext16 00000
__Lstringtext17                                stringtext17 00000
__Lstringtext2                                 stringtext2  00000
__Lstringtext3                                 stringtext3  00000
__Lstringtext4                                 stringtext4  00000
__Lstringtext5                                 stringtext5  00000
__Lstringtext6                                 stringtext6  00000
__Lstringtext7                                 stringtext7  00000
__Lstringtext8                                 stringtext8  00000
__Lstringtext9                                 stringtext9  00000
__Ltext                                        text         00000
__S0                                           (abs)        0102D
__S1                                           (abs)        00140
__S2                                           (abs)        00000
__S3                                           (abs)        00000
___int_sp                                      stack        00000
___latbits                                     (abs)        00004
___lldiv                                       text8        002D3
___lldiv@counter                               cstackBANK0  0002D
___lldiv@dividend                              cstackBANK0  00024
___lldiv@divisor                               cstackBANK0  00020
___lldiv@quotient                              cstackBANK0  00029
___lmul                                        text4        00568
___lmul@multiplicand                           cstackBANK0  00027
___lmul@multiplier                             cstackBANK0  00023
___lmul@product                                cstackBANK0  0002B
___sp                                          stack        00000
___stackhi                                     (abs)        02FEF
___stacklo                                     (abs)        020C0
__end_of_ADCC_GetSingleConversion              text5        0074C
__end_of_ADCC_Initialize                       text38       00723
__end_of_EUSART_DefaultErrorHandler            text54       00F89
__end_of_EUSART_DefaultFramingErrorHandler     text53       00F72
__end_of_EUSART_DefaultOverrunErrorHandler     text52       00F8D
__end_of_EUSART_Initialize                     text32       0046D
__end_of_EUSART_Receive_ISR                    text51       00532
__end_of_EUSART_RxDataHandler                  text55       0070A
__end_of_EUSART_SetErrorHandler                text37       00FB8
__end_of_EUSART_SetFramingErrorHandler         text36       00FC1
__end_of_EUSART_SetOverrunErrorHandler         text35       00FCA
__end_of_EUSART_SetRxInterruptHandler          text34       00FD3
__end_of_EUSART_SetTxInterruptHandler          text33       00FDC
__end_of_EUSART_Transmit_ISR                   text50       0069D
__end_of_EUSART_Write                          text17       005FA
__end_of_INTERRUPT_InterruptManager            intentry     00043
__end_of_IOCAF6_DefaultInterruptHandler        text48       00F73
__end_of_IOCAF6_ISR                            text47       007AF
__end_of_IOCAF6_SetInterruptHandler            text30       00FEE
__end_of_IOCAF7_DefaultInterruptHandler        text45       00003
__end_of_IOCAF7_ISR                            text44       007A0
__end_of_IOCAF7_SetInterruptHandler            text29       00FF7
__end_of_LED1_Off                              text23       00F76
__end_of_LED1_On                               text22       00F79
__end_of_LED2_Off                              text21       00F7C
__end_of_LED2_On                               text20       00F7F
__end_of_LED3_Off                              text19       00F82
__end_of_LED3_On                               text18       00F85
__end_of_OSCILLATOR_Initialize                 text31       00FE5
__end_of_PIN_MANAGER_IOC                       text43       00782
__end_of_PIN_MANAGER_Initialize                text28       004F5
__end_of_PMD_Initialize                        text27       00FAF
__end_of_S1EventCallback                       text46       0064F
__end_of_S2EventCallback                       text49       00679
__end_of_SYSTEM_Initialize                     text24       0075F
__end_of_StateMachine_SM                       text6        0014B
__end_of_TMR0_DefaultInterruptHandler          text41       00004
__end_of_TMR0_ISR                              text40       00791
__end_of_TMR0_Initialize                       text25       00738
__end_of_TMR0_SetInterruptHandler              text26       01000
__end_of___lldiv                               text8        0032E
__end_of___lmul                                text4        0059C
__end_of__initialization                       cinit        0006F
__end_of__trace                                text9        003DD
__end_of_fputc                                 text15       00426
__end_of_fputs                                 text2        00625
__end_of_getPotValue                           text3        00568
__end_of_main                                  maintext     004B1
__end_of_printf                                text10       00771
__end_of_putch                                 text16       00FA0
__end_of_puts                                  text1        006BC
__end_of_setTimeout                            text7        006D6
__end_of_stoa                                  text13       00222
__end_of_strlen                                text14       006F0
__end_of_timerCallback                         text42       00387
__end_of_trace_event_labels                    stringtext2  007EB
__end_of_trace_state_labels                    stringtext1  007BD
__end_of_vfpfcnvrt                             text12       002D3
__end_of_vfprintf                              text11       005CD
__initialization                               cinit        00045
__pbssBANK0                                    bssBANK0     00068
__pbssBANK1                                    bssBANK1     000A0
__pbssBANK2                                    bssBANK2     00120
__pbssCOMMON                                   bssCOMMON    00078
__pcstackBANK0                                 cstackBANK0  00020
__pcstackCOMMON                                cstackCOMMON 00070
__pdataBANK1                                   dataBANK1    000DF
__pidataBANK1                                  idataBANK1   00FA0
__pintentry                                    intentry     00004
__pmaintext                                    maintext     0046D
__pnvBANK1                                     nvBANK1      000CE
__pstringtext1                                 stringtext1  007AF
__pstringtext10                                stringtext10 01007
__pstringtext11                                stringtext11 0100E
__pstringtext12                                stringtext12 01015
__pstringtext13                                stringtext13 0101B
__pstringtext14                                stringtext14 01021
__pstringtext15                                stringtext15 01027
__pstringtext16                                stringtext16 0102B
__pstringtext17                                stringtext17 00000
__pstringtext2                                 stringtext2  007E1
__pstringtext3                                 stringtext3  007BD
__pstringtext4                                 stringtext4  007C9
__pstringtext5                                 stringtext5  007D5
__pstringtext6                                 stringtext6  007EB
__pstringtext7                                 stringtext7  007F5
__pstringtext8                                 stringtext8  007FF
__pstringtext9                                 stringtext9  01000
__ptext1                                       text1        0069D
__ptext10                                      text10       0075F
__ptext11                                      text11       0059C
__ptext12                                      text12       00222
__ptext13                                      text13       0014B
__ptext14                                      text14       006D6
__ptext15                                      text15       003DD
__ptext16                                      text16       00F99
__ptext17                                      text17       005CD
__ptext18                                      text18       00F82
__ptext19                                      text19       00F7F
__ptext2                                       text2        005FA
__ptext20                                      text20       00F7C
__ptext21                                      text21       00F79
__ptext22                                      text22       00F76
__ptext23                                      text23       00F73
__ptext24                                      text24       0074C
__ptext25                                      text25       00723
__ptext26                                      text26       00FF7
__ptext27                                      text27       00FA7
__ptext28                                      text28       004B1
__ptext29                                      text29       00FEE
__ptext3                                       text3        00532
__ptext30                                      text30       00FE5
__ptext31                                      text31       00FDC
__ptext32                                      text32       00426
__ptext33                                      text33       00FD3
__ptext34                                      text34       00FCA
__ptext35                                      text35       00FC1
__ptext36                                      text36       00FB8
__ptext37                                      text37       00FAF
__ptext38                                      text38       0070A
__ptext4                                       text4        00568
__ptext40                                      text40       00782
__ptext41                                      text41       00003
__ptext42                                      text42       0032E
__ptext43                                      text43       00771
__ptext44                                      text44       00791
__ptext45                                      text45       00002
__ptext46                                      text46       00625
__ptext47                                      text47       007A0
__ptext48                                      text48       00F72
__ptext49                                      text49       0064F
__ptext5                                       text5        00738
__ptext50                                      text50       00679
__ptext51                                      text51       004F5
__ptext52                                      text52       00F89
__ptext53                                      text53       00F71
__ptext54                                      text54       00F85
__ptext55                                      text55       006F0
__ptext6                                       text6        00073
__ptext7                                       text7        006BC
__ptext8                                       text8        002D3
__ptext9                                       text9        00387
__size_of_ADCC_GetSingleConversion             (abs)        00000
__size_of_ADCC_Initialize                      (abs)        00000
__size_of_EUSART_DefaultErrorHandler           (abs)        00000
__size_of_EUSART_DefaultFramingErrorHandler    (abs)        00000
__size_of_EUSART_DefaultOverrunErrorHandler    (abs)        00000
__size_of_EUSART_Initialize                    (abs)        00000
__size_of_EUSART_Receive_ISR                   (abs)        00000
__size_of_EUSART_RxDataHandler                 (abs)        00000
__size_of_EUSART_SetErrorHandler               (abs)        00000
__size_of_EUSART_SetFramingErrorHandler        (abs)        00000
__size_of_EUSART_SetOverrunErrorHandler        (abs)        00000
__size_of_EUSART_SetRxInterruptHandler         (abs)        00000
__size_of_EUSART_SetTxInterruptHandler         (abs)        00000
__size_of_EUSART_Transmit_ISR                  (abs)        00000
__size_of_EUSART_Write                         (abs)        00000
__size_of_INTERRUPT_InterruptManager           (abs)        00000
__size_of_IOCAF6_DefaultInterruptHandler       (abs)        00000
__size_of_IOCAF6_ISR                           (abs)        00000
__size_of_IOCAF6_SetInterruptHandler           (abs)        00000
__size_of_IOCAF7_DefaultInterruptHandler       (abs)        00000
__size_of_IOCAF7_ISR                           (abs)        00000
__size_of_IOCAF7_SetInterruptHandler           (abs)        00000
__size_of_LED1_Off                             (abs)        00000
__size_of_LED1_On                              (abs)        00000
__size_of_LED2_Off                             (abs)        00000
__size_of_LED2_On                              (abs)        00000
__size_of_LED3_Off                             (abs)        00000
__size_of_LED3_On                              (abs)        00000
__size_of_OSCILLATOR_Initialize                (abs)        00000
__size_of_PIN_MANAGER_IOC                      (abs)        00000
__size_of_PIN_MANAGER_Initialize               (abs)        00000
__size_of_PMD_Initialize                       (abs)        00000
__size_of_S1EventCallback                      (abs)        00000
__size_of_S2EventCallback                      (abs)        00000
__size_of_SYSTEM_Initialize                    (abs)        00000
__size_of_StateMachine_SM                      (abs)        00000
__size_of_TMR0_DefaultInterruptHandler         (abs)        00000
__size_of_TMR0_ISR                             (abs)        00000
__size_of_TMR0_Initialize                      (abs)        00000
__size_of_TMR0_SetInterruptHandler             (abs)        00000
__size_of___lldiv                              (abs)        00000
__size_of___lmul                               (abs)        00000
__size_of__trace                               (abs)        00000
__size_of_fputc                                (abs)        00000
__size_of_fputs                                (abs)        00000
__size_of_getPotValue                          (abs)        00000
__size_of_main                                 (abs)        00000
__size_of_printf                               (abs)        00000
__size_of_putch                                (abs)        00000
__size_of_puts                                 (abs)        00000
__size_of_setTimeout                           (abs)        00000
__size_of_stoa                                 (abs)        00000
__size_of_strlen                               (abs)        00000
__size_of_timerCallback                        (abs)        00000
__size_of_vfpfcnvrt                            (abs)        00000
__size_of_vfprintf                             (abs)        00000
__trace                                        text9        00387
__trace$960                                    cstackBANK0  00060
__trace@e                                      bssBANK0     0006A
__trace@event                                  cstackBANK0  00062
__trace@s                                      bssBANK0     00069
__trace@state                                  cstackBANK0  0005C
_eusartRxBuffer                                bssBANK1     000A8
_eusartRxCount                                 bssCOMMON    0007C
_eusartRxHead                                  bssBANK0     0006D
_eusartRxLastError                             bssBANK1     000CD
_eusartRxStatusBuffer                          bssBANK1     000A0
_eusartRxTail                                  bssCOMMON    0007D
_eusartTxBuffer                                bssBANK1     000B0
_eusartTxBufferRemaining                       nvBANK1      000DE
_eusartTxHead                                  bssBANK0     0006F
_eusartTxTail                                  bssBANK0     0006E
_flags                                         bssBANK1     000CA
_fputc                                         text15       003DD
_fputs                                         text2        005FA
_getPotValue                                   text3        00532
_main                                          maintext     0046D
_nout                                          bssBANK1     000C4
_prec                                          bssBANK1     000C8
_printf                                        text10       0075F
_putch                                         text16       00F99
_puts                                          text1        0069D
_puts$1645                                     cstackBANK0  00036
_setTimeout                                    text7        006BC
_stoa                                          text13       0014B
_strlen                                        text14       006D6
_timerCallback                                 text42       0032E
_trace_event_labels                            stringtext2  007E1
_trace_state_labels                            stringtext1  007AF
_vPotmeter                                     bssBANK0     0006B
_vStateMachine                                 bssBANK0     00068
_vfpfcnvrt                                     text12       00222
_vfprintf                                      text11       0059C
_width                                         bssBANK1     000C6
btemp                                          (abs)        0007E
clear_ram0                                     clrtext      00F8D
end_of_initialization                          cinit        0006F
fputc@c                                        cstackBANK0  00023
fputc@fp                                       cstackBANK0  00025
fputs@c                                        cstackBANK0  00031
fputs@fp                                       cstackBANK0  0002D
fputs@i                                        cstackBANK0  00032
fputs@s                                        cstackBANK0  0002B
init_ram                                       inittext     00F93
int$flags                                      (abs)        0007E
intlevel0                                      functab      00000
intlevel1                                      functab      00000
intlevel2                                      functab      00000
intlevel3                                      functab      00000
intlevel4                                      functab      00000
intlevel5                                      functab      00000
main@e                                         cstackBANK0  00067
printf@ap                                      cstackBANK0  0005B
printf@fmt                                     cstackBANK0  00054
putch@txData                                   cstackBANK0  00022
puts@s                                         cstackBANK0  00034
reset_vec                                      reset_vec    00000
setTimeout@val                                 cstackBANK0  0002E
start                                          init         00043
start_initialization                           cinit        00045
stoa@F1133                                     dataBANK1    000DF
stoa@cp                                        cstackBANK0  0003B
stoa@fp                                        cstackBANK0  0003D
stoa@i                                         cstackBANK0  00037
stoa@l                                         cstackBANK0  00040
stoa@nuls                                      cstackBANK0  00030
stoa@p                                         cstackBANK0  0003E
stoa@s                                         cstackBANK0  0002B
stoa@w                                         cstackBANK0  00039
strlen@a                                       cstackBANK0  00023
strlen@s                                       cstackBANK0  00020
timerCallback@sec                              bssBANK1     000C0
vfpfcnvrt@ap                                   cstackBANK0  00043
vfpfcnvrt@cp                                   cstackBANK0  00049
vfpfcnvrt@fmt                                  cstackBANK0  00042
vfpfcnvrt@fp                                   cstackBANK0  0004B
vfprintf@ap                                    cstackBANK0  0004E
vfprintf@cfmt                                  cstackBANK0  00052
vfprintf@fmt                                   cstackBANK0  0004C
vfprintf@fp                                    cstackBANK0  00051
wtemp0                                         (abs)        0007E


MODULE INFORMATION

Module		Function		Class		Link	Load	Size
sm/StateMachine.c
		__trace        		CODE           	0387	0000	86
		_StateMachine_SM		CODE           	0073	0000	216

sm/StateMachine.c estimated size: 302

C:\Program Files\Microchip\xc8\v2.32\pic\sources\c99\common\doprnt.c
		_vfpfcnvrt     		CODE           	0222	0000	177
		_vfprintf      		CODE           	059C	0000	49
		_stoa          		CODE           	014B	0000	215

C:\Program Files\Microchip\xc8\v2.32\pic\sources\c99\common\doprnt.c estimated size: 441

mcc_generated_files/interrupt_manager.c
		_INTERRUPT_InterruptManager		CODE           	0004	0000	63

mcc_generated_files/interrupt_manager.c estimated size: 63

mcc_generated_files/tmr0.c
		_TMR0_SetInterruptHandler		CODE           	0FF7	0000	9
		_TMR0_DefaultInterruptHandler		CODE           	0003	0000	1
		_TMR0_ISR      		CODE           	0782	0000	15
		_TMR0_Initialize		CODE           	0723	0000	21

mcc_generated_files/tmr0.c estimated size: 46

mcc_generated_files/pin_manager.c
		_IOCAF6_ISR    		CODE           	07A0	0000	15
		_PIN_MANAGER_Initialize		CODE           	04B1	0000	68
		_IOCAF7_DefaultInterruptHandler		CODE           	0002	0000	1
		_IOCAF7_ISR    		CODE           	0791	0000	15
		_IOCAF6_SetInterruptHandler		CODE           	0FE5	0000	9
		_PIN_MANAGER_IOC		CODE           	0771	0000	17
		_IOCAF7_SetInterruptHandler		CODE           	0FEE	0000	9
		_IOCAF6_DefaultInterruptHandler		CODE           	0F72	0000	1

mcc_generated_files/pin_manager.c estimated size: 135

C:\Program Files\Microchip\xc8\v2.32\pic\sources\c99\common\nf_fputs.c
		_fputs         		CODE           	05FA	0000	43

C:\Program Files\Microchip\xc8\v2.32\pic\sources\c99\common\nf_fputs.c estimated size: 43

C:\Program Files\Microchip\xc8\v2.32\pic\sources\c99\common\puts.c
		_puts          		CODE           	069D	0000	31

C:\Program Files\Microchip\xc8\v2.32\pic\sources\c99\common\puts.c estimated size: 31

sm/actions.c
		_LED1_Off      		CODE           	0F73	0000	3
		_LED2_Off      		CODE           	0F79	0000	3
		_LED3_Off      		CODE           	0F7F	0000	3
		_LED1_On       		CODE           	0F76	0000	3
		_setTimeout    		CODE           	06BC	0000	26
		_LED2_On       		CODE           	0F7C	0000	3
		_LED3_On       		CODE           	0F82	0000	3

sm/actions.c estimated size: 44

shared
		_trace_state_labels		STRCODE        	07AF	0000	14
		__initialization		CODE           	0045	0000	42
		_trace_event_labels		STRCODE        	07E1	0000	10

shared estimated size: 66

mcc_generated_files/mcc.c
		_PMD_Initialize		CODE           	0FA7	0000	8
		_OSCILLATOR_Initialize		CODE           	0FDC	0000	9
		_SYSTEM_Initialize		CODE           	074C	0000	19

mcc_generated_files/mcc.c estimated size: 36

C:\Program Files\Microchip\xc8\v2.32\pic\sources\c99\common\Umul32.c
		___lmul        		CODE           	0568	0000	52

C:\Program Files\Microchip\xc8\v2.32\pic\sources\c99\common\Umul32.c estimated size: 52

mcc_generated_files/adcc.c
		_ADCC_GetSingleConversion		CODE           	0738	0000	20
		_ADCC_Initialize		CODE           	070A	0000	25

mcc_generated_files/adcc.c estimated size: 45

C:\Program Files\Microchip\xc8\v2.32\pic\sources\c99\common\printf.c
		_printf        		CODE           	075F	0000	18

C:\Program Files\Microchip\xc8\v2.32\pic\sources\c99\common\printf.c estimated size: 18

C:\Program Files\Microchip\xc8\v2.32\pic\sources\c99\common\nf_fputc.c
		_fputc         		CODE           	03DD	0000	73

C:\Program Files\Microchip\xc8\v2.32\pic\sources\c99\common\nf_fputc.c estimated size: 73

mcc_generated_files/eusart.c
		_EUSART_SetRxInterruptHandler		CODE           	0FCA	0000	9
		_EUSART_SetTxInterruptHandler		CODE           	0FD3	0000	9
		_putch         		CODE           	0F99	0000	7
		_EUSART_DefaultOverrunErrorHandler		CODE           	0F89	0000	4
		_EUSART_Write  		CODE           	05CD	0000	45
		_EUSART_DefaultErrorHandler		CODE           	0F85	0000	4
		_EUSART_Transmit_ISR		CODE           	0679	0000	36
		_EUSART_Initialize		CODE           	0426	0000	71
		_EUSART_SetFramingErrorHandler		CODE           	0FB8	0000	9
		_EUSART_SetErrorHandler		CODE           	0FAF	0000	9
		_EUSART_SetOverrunErrorHandler		CODE           	0FC1	0000	9
		_EUSART_Receive_ISR		CODE           	04F5	0000	61
		_EUSART_RxDataHandler		CODE           	06F0	0000	26
		_EUSART_DefaultFramingErrorHandler		CODE           	0F71	0000	1

mcc_generated_files/eusart.c estimated size: 300

C:\Program Files\Microchip\xc8\v2.32\pic\sources\c99\common\__lldiv.c
		___lldiv       		CODE           	02D3	0000	91

C:\Program Files\Microchip\xc8\v2.32\pic\sources\c99\common\__lldiv.c estimated size: 91

main.c
		_main          		CODE           	046D	0000	68
		_getPotValue   		CODE           	0532	0000	54
		_timerCallback 		CODE           	032E	0000	89
		_S1EventCallback		CODE           	0625	0000	42
		_S2EventCallback		CODE           	064F	0000	42

main.c estimated size: 295

C:\Program Files\Microchip\xc8\v2.32\pic\sources\c99\common\strlen.c
		_strlen        		CODE           	06D6	0000	26

C:\Program Files\Microchip\xc8\v2.32\pic\sources\c99\common\strlen.c estimated size: 26

